する
いる
情報
なる
なく
自分
場合
時間
ページ
利用
サイト
検索
今日
思う
見る
商品
ブログ
必要
写真
問題
コメント
会社
紹介
以上
世界
表示
言う
記事
登録
良い
最近
関係
仕事
使用
内容
参加
多い
今回
現在
地域
方法
掲載
確認
個人
サービス
メール
生活
研究
結果
出来
管理
時代
企業
事業
無料
社会
一覧
人間
言葉
活動
質問
意味
行く
販売
作品
電話
学校
女性
無い
料理
先生
関連
子供
場所
投稿
環境
リンク
詳細
探す
名前
トップ
施設
対応
今年
説明
物件
画像
状態
映画
高い
購入
最後
教育
追加
部屋
状況
全国
以下
技術
中国
提供
案内
以外
予定
病院
人気
部分
自然
変更
一緒
地図
会員
温泉
戻る
周辺
開発
相談
機能
ホテル
評価
ゲーム
日記
開催
相手
携帯
基本
普通
予約
調査
価格
新しい
条件
中心
ポイント
求人
スレ
委員
不動産
大学
設定
ネット
意見
ニュース
イベント
旅行
実際
効果
最初
報告
更新
健康
違う
存在
一般
センター
システム
最新
クリック
昨日
選手
明日
医療
悪い
一部
連絡
希望
注文
住宅
目的
読む
賃貸
歴史
経済
データ
バス
マンション
バック
専門
保険
家族
音楽
注意
観光
店舗
理由
経験
大会
体験
指定
期待
チェック
発表
理解
代表
こう
テレビ
計画
文化
支援
実施
作成
公開
毎日
今後
トラック
治療
選択
対象
対策
営業
行う
考える
書く
結構
欲しい
過去
ホームページ
広告
出来る
事件
入力
終了
程度
登場
保護
安全
友達
年度
作業
経営
文字
安心
以前
資料
影響
出る
自身
機関
強い
試合
高校
メニュー
規定
責任
国際
まず
アクセス
使う
開始
自由
移動
セット
募集
全体
製品
制度
地方
当時
勉強
指導
運営
決定
エリア
話題
時期
ログイン
編集
政治
期間
キーワード
撮影
発生
放送
種類
チーム
コース
応援
発売
料金
市場
担当
カード
公園
最高
デザイン
法人
総合
番組
年間
ファン
行動
ランキング
業務
障害
検討
元気
楽しい
絶対
攻撃
来る
記念
スタッフ
特定
アップ
参考
送料
タイプ
動画
イメージ
学生
工事
展開
判断
番号
レベル
持つ
契約
含む
週間
国民
途中
交換
ホーム
中央
練習
プラン
ガイド
処理
見える
シリーズ
海外
入る
新聞
人生
テーマ
食事
結局
口コミ
リスト
ショップ
最大
協力
監督
無理
スポーツ
変化
結婚
団体
全部
プロ
政府
運動
原因
グループ
最終
行い
表現
建築
歯科
宿泊
男性
投資
市民
土地
ビジネス
英語
様子
位置
意識
労働
企画
生産
サイズ
道路
請求
ユーザー
注目
徒歩
発見
今度
少ない
会議
特集
便利
試験
雰囲気
本日
知識
感想
近い
自己
設置
比較
能力
家庭
是非
作る
交通
記録
準備
回答
科学
大人
心配
パソコン
組織
メーカー
限定
消費
インターネット
教室
成長
都市
学習
国内
面白い
精神
直接
戦争
プレゼント
記憶
動物
住所
会場
誕生
自動車
マーク
事実
行為
メンバー
地元
実現
一方
興味
以内
介護
事務
了承
アニメ
当社
キャラ
方向
神社
駐車
通信
難しい
構造
以降
事項
午後
主義
人々
特徴
規約
通常
地区
法律
解決
予想
事故
著作
雑誌
社長
先頭
仲間
長い
中古
基準
検査
活用
転職
拡大
昨年
整備
被害
削除
ラーメン
画面
日々
満足
製造
保存
用意
身体
産業
上記
ソフト
運転
採用
本人
気分
野菜
建設
患者
美容
野球
解説
成功
福祉
レストラン
取得
外国
ドラマ
下記
マップ
銀行
議員
季節
天気
地球
メッセージ
美味しい
感謝
食品
入れる
友人
活躍
サポート
魅力
小説
ボタン
おく
職員
ゲスト
生徒
タイトル
展示
発送
選挙
カメラ
価値
グルメ
スタート
映像
現場
授業
大きい
設計
嬉しい
素材
負担
仕方
完成
物語
出す
印象
食べる
不安
記載
出演
項目
派遣
レス
機会
業者
クラブ
レビュー
鉄道
行政
現実
方々
到着
投票
モデル
各種
大事
改善
金融
構成
現代
送信
ライブ
発言
建物
空間
不思議
よる
美しい
病気
講座
資格
全員
郵便
危険
在庫
発行
オープン
依頼
禁止
出版
パン
協会
交流
申請
充実
少年
自体
ファイル
業界
買う
バイト
基礎
買い物
電子
計算
スポット
先日
工場
シーン
課題
当該
人物
専用
ジャンル
漫画
プライバシー
国家
導入
聞く
電車
目標
舞台
多数
ツアー
ペット
概要
文章
演奏
提案
政策
調整
若い
医師
感動
風呂
用品
反応
距離
金額
反対
午前
メイン
市内
具体
女子
ブック
加工
書籍
高速
保証
設備
医院
分析
モノ
社員
範囲
推進
コード
受ける
電気
自転車
空気
修正
ポリシー
アルバイト
共同
フォーム
訪問
ママ
方針
改正
連続
研修
分野
サッカー
趣味
感覚
未来
勝手
努力
続く
安定
ダイエット
可愛い
失敗
組合
看護
認識
制作
バイク
優勝
送る
世紀
ログ
コンテンツ
基づく
回復
女の子
日常
想像
ゴルフ
通販
クラス
小さい
費用
会長
年齢
本当
笑顔
コーナー
住民
警察
卒業
満載
異なる
将来
息子
複数
印刷
向上
応募
植物
講演
新築
早い
馬鹿
普段
続ける
一切
知る
再生
安い
イン
マン
風景
フリー
規模
スーパー
当日
予算
相当
少女
公共
機械
指摘
時点
今週
装置
平均
適用
オリジナル
提出
宇宙
批判
伝統
配信
確保
エネルギー
次回
プログラム
ケース
自宅
防止
診療
実験
スタイル
議論
読者
日間
参照
現状
素晴らしい
以来
平和
トイレ
就職
瞬間
正直
公式
路線
来年
自動
方面
材料
丁目
政権
レポート
農業
アイテム
毎年
主張
古い
事前
発展
カラー
ゆう
事情
出発
ガス
年代
挑戦
症状
新着
教授
出身
整理
勤務
疑問
地震
高齢
詳しい
不明
段階
ブランド
転載
維持
受験
報道
機器
老人
分かる
首相
信頼
旅館
近所
立場
本文
ビデオ
つく
改革
本来
強化
資金
手術
低い
許可
多分
先輩
実行
本格
ライン
楽しむ
白い
他人
正確
付近
前回
固定
現地
逮捕
バランス
一度
診断
無断
納得
一応
無事
半分
会話
ビル
変わる
利益
天然
テスト
証明
セミナー
体制
ボール
使い方
空港
値段
クリニック
児童
戦略
操作
犯罪
アルバム
大量
楽天
ショッピング
作家
認定
協議
厳しい
表情
要望
該当
カレー
異常
ホール
制限
用語
見学
メディア
ネットワーク
施行
リフォーム
キロ
怖い
一言
ルート
ワイン
処分
正しい
株式
挨拶
違反
実践
集中
形成
増加
一体
申し訳
不足
審査
停止
合格
性格
スレッド
復活
著者
定期
迷惑
生命
つける
マイ
キャンペーン
ベスト
配送
始まる
タグ
規制
去年
語る
大臣
ダム
大型
レース
予防
プロジェクト
前後
スペース
ダウンロード
ルール
登山
後半
求める
宗教
コーヒー
デジタル
今月
集団
製作
目指す
役割
太陽
講師
感染
選ぶ
年金
深い
グッズ
ビール
守る
初期
効率
ブラウザ
エントリー
教師
継続
権利
パスワード
戦闘
記入
条例
閲覧
オンライン
自信
恋愛
細胞
弁当
取材
候補
独立
パワー
都合
夫婦
ガン
凄い
タイ
設立
始める
会計
要素
実績
次第
航空
資産
生きる
世代
レシピ
県内
連携
表記
ラジオ
仕様
記者
感情
ガラス
定める
補助
収録
市長
歩く
学ぶ
人材
高級
死亡
アパート
除く
模様
運用
約束
得る
接続
メールアドレス
共通
物質
修理
ドル
要求
車両
品質
ヘルプ
レンタル
カフェ
回転
積極
出場
勝利
エンジン
売買
山口
散歩
思い出
ケーキ
示す
走る
調子
評判
数字
支持
人数
余裕
承認
ケア
秘密
無駄
返品
当店
容疑
合併
痛い
各地
時計
優しい
内部
進む
芸術
商店
カート
上昇
自慢
成分
快適
魔法
ベース
背景
コンビニ
文庫
シート
夕方
姿勢
広い
事例
通知
獲得
キャラクター
歓迎
否定
カバー
雇用
証券
列車
周囲
ハウス
トラブル
公演
返信
従来
チャンス
職場
チケット
手段
危機
ソース
コピー
母親
主催
傾向
同士
化学
掃除
成果
クーポン
取る
育成
花火
メートル
イラスト
措置
破壊
田舎
多少
シーズン
ファッション
構築
裁判
バンド
演出
ヒット
視点
かける
スープ
カット
表面
理事
向かう
観察
タイム
生物
活性
部門
残る
広場
長期
一時
天皇
ライフ
標準
装備
周年
唯一
アンケート
スピード
書類
ランチ
伝説
学会
原則
スター
リスク
スキー
形式
減少
困難
神経
赤い
国道
ドア
栽培
中学
訓練
移転
民主
単位
工業
受賞
我が家
与える
化粧
寒い
出来事
無視
測定
優先
返事
終わる
ロック
弱い
モード
職業
場面
ピアノ
クリスマス
翌日
寿司
飲食
世の中
ステージ
文学
アドバイス
コスト
看板
太郎
代金
当初
達成
原作
帰る
弊社
居る
緊張
アドレス
関心
ダメージ
本部
人形
経過
理論
皮膚
ボランティア
収入
収集
苦手
確定
心理
ストレス
大手
エコ
外科
テーブル
ワン
男子
解除
名称
劇場
主人
所属
青年
基地
方式
勝負
災害
相場
大統領
久々
休日
文書
人口
療法
働く
プロフィール
バー
温度
ジャンプ
ミニ
所有
乾燥
死ぬ
居酒屋
ストーリー
ナビ
駅前
上手
規則
リリース
相互
コンサート
失礼
言語
一瞬
民間
思想
理想
廃止
インタビュー
暑い
タクシー
中身
同意
医学
武器
抵抗
国会
ミス
クリア
発信
実家
男女
国立
展望
先週
民族
山形
ツール
カテゴリー
資源
東北
進行
免許
成立
共有
マガジン
適当
現象
パターン
憲法
放題
緊急
宣言
得意
引用
前日
入荷
合う
削減
箇所
促進
財産
完了
変える
風邪
保育
リーグ
手紙
施工
オーナー
マスコミ
解析
入学
都道府県
若者
輸入
親子
支配
行事
個別
発電
動作
貢献
紅葉
漢字
合計
左右
速度
呼ぶ
階段
中止
所得
売却
制御
ルーム
家具
態度
一定
機構
スキル
入手
財政
テキスト
証拠
邪魔
低下
最低
実感
デビュー
刺激
コミュニケーション
駄目
キー
出席
義務
集合
差別
通勤
調べる
面積
作用
家電
出張
指示
出品
競争
本気
連合
入院
宣伝
プラス
性能
部品
購読
特典
フレーム
コレ
飲む
教会
記述
普及
山田
医者
資本
地下
作者
知事
回収
開設
両方
食材
若干
朝食
有料
リアル
モバイル
好評
真実
ノート
連載
書店
退職
タイミング
ライト
ドライブ
配置
履歴
ベッド
一致
コラム
背中
栄養
信号
辛い
競技
雑貨
妊娠
父親
オフィス
面倒
キッチン
苦労
強制
自殺
短い
金属
カー
焼酎
休憩
キャンプ
伴う
本体
店長
甘い
荷物
兄弟
時々
交渉
楽器
夕食
タウン
景色
グリーン
市町村
洗濯
メモ
学園
徹底
解消
出荷
部長
帰宅
屋根
損害
開く
少々
道具
パック
描く
文句
作戦
土産
分類
リーダー
変換
拠点
週末
地下鉄
サイド
工夫
発揮
パパ
サークル
話す
旦那
解釈
個性
思考
手法
窓口
常識
海岸
来週
ギフト
放置
近代
保障
信用
遺産
本物
保健
上げる
成績
日程
絵本
外部
直後
視聴
体調
教える
美人
ローン
銘柄
ゴール
美術
ランク
最強
メルマガ
ピンク
中小
宮城
過程
インテリア
我慢
着物
出産
矯正
収穫
期限
両親
議会
店内
特性
論文
把握
役立つ
保管
プラント
珍しい
競馬
筋肉
明るい
命令
上がる
戦後
食べ物
ショー
殺人
マッサージ
妄想
事態
ブロック
工房
サロン
レッスン
回数
キャリア
アート
気温
古代
ギター
必須
平日
複雑
ココ
前半
考慮
市立
黒い
有する
熱い
供給
住む
委託
沿線
具合
スクール
立つ
用途
疾患
アイドル
職人
限界
ボク
統合
玄関
重い
進化
人事
顧客
実力
芸能
キャンセル
ロード
形態
なれる
反省
支給
リング
恋人
手前
動く
配慮
反映
本社
生地
頂く
創造
決勝
アレ
崩壊
世間
直前
役員
ブルー
再度
実態
体力
経由
入札
台風
配布
統一
忙しい
衝撃
バッグ
新幹線
真剣
毎回
パス
収納
高度
ニーズ
人権
図る
重視
深夜
領域
寝る
支部
ダンス
習慣
待つ
博士
清水
会見
呼吸
乗る
伝える
豪華
カウンター
数値
醤油
延長
今朝
首都
三重
掲げる
トーク
吸収
面接
オプション
通過
中間
加入
パーツ
通報
遅い
至る
プール
振興
ピン
受信
育児
有る
調理
厚生
上部
気味
税金
意思
時刻
流れる
回避
視線
従業
由来
検証
来店
透明
捜査
ウェブ
マスター
山頂
臭い
内閣
歌詞
物理
四季
科目
決済
トマト
コミック
センチ
毎月
塗装
困る
懐かしい
入り口
サイン
燃料
ショック
投手
上位
東海
葬儀
次元
倉庫
カップ
いえる
別途
増える
予測
ゲット
交付
判決
運命
爆発
部隊
飛行機
工作
一括
味噌
需要
狭い
変動
結論
下車
ハイ
一生
走行
恐怖
発明
支店
データベース
復帰
総会
リサイクル
布団
インフルエンザ
遠い
クレジットカード
確立
血液
審議
前提
不良
転換
定義
講習
宅配
現金
店員
講義
チャレンジ
検定
天使
毎週
スケジュール
最悪
激しい
メリット
創作
人類
半年
割合
性質
パーティー
辞書
トレーニング
起こる
衛生
公表
代理
搭載
苦笑
過ぎる
音声
広がる
表紙
体重
当たる
農家
執行
パート
不満
統計
査定
マイナス
衣装
信仰
生涯
地上
勇気
革命
青い
広報
被告
脂肪
トンネル
女優
全身
攻略
会館
根拠
決める
細かい
サンプル
機種
演劇
給料
応用
ワード
連中
受講
今夜
演技
下手
読書
食堂
入門
株価
廃棄
電源
昼食
翻訳
トン
未満
カタログ
軽い
認証
対戦
シングル
新作
仏教
悲しい
薬局
ボックス
新人
地獄
豆腐
入居
遺跡
堪能
要請
街道
付ける
判定
小型
置く
コントロール
口座
教員
整形
バージョン
全般
オーク
観測
俳優
在住
防衛
要因
県立
近年
覚悟
訴訟
パーク
偶然
発想
披露
オイル
小屋
在日
離婚
タレント
景気
総理
タン
永遠
マニュアル
有機
開業
南部
人工
開放
発達
大体
拒否
認める
県民
軍事
連休
ブラック
室内
王子
心臓
正面
給与
進出
流行
再現
決算
当選
冒険
哲学
プレー
同社
イオン
分譲
チョコ
救急
再開
梅雨
入場
ポスト
現役
監視
滞在
地点
対処
スタジオ
チーズ
フード
出現
移行
創業
ロボット
混乱
予報
総務
申告
ニュー
テロ
自治
カラオケ
素人
以後
スペシャル
想定
蕎麦
臨床
朝日
数学
確率
帰国
ペース
詐欺
動向
オフ
意図
アリ
刑事
商業
薄い
数々
主婦
電池
新型
日曜
作曲
提示
させる
出力
敷地
かく
オーダー
訂正
指揮
落ちる
格好
サラダ
見せる
概念
辞典
タイヤ
高原
報酬
本店
定番
進学
マウス
リゾート
テニス
不正
悪魔
フォト
無効
風味
おる
マナー
真ん中
連結
留学
コレクション
元々
遊ぶ
男の子
スト
予告
コート
改造
水道
条約
レンズ
コム
スキップ
テープ
恥ずかしい
姉妹
本書
ギャラリー
消防
合成
カレンダー
望む
とく
防災
保全
特許
オレンジ
提携
輸送
切る
アウト
ファミリー
学者
金利
循環
興奮
基盤
相続
山梨
悪化
ラスト
進める
中継
犯人
引退
有限
編成
流通
起動
認知
近隣
いらっしゃる
ビタミン
主体
冷たい
生き物
内科
ダウン
土日
森林
ポスター
贅沢
ソフトウェア
イヤ
形状
レジャー
繊維
株主
かっこいい
容量
区別
学科
単語
防ぐ
配達
同時
集会
ウェブサイト
順番
短期
幹部
入会
リズム
改良
依存
論理
厳選
ヒント
プリント
強力
消化
初回
マシン
町村
各国
プレス
ユニット
パネル
勢力
借金
法案
エステ
分割
地名
オリンピック
ハード
交代
開示
ウイルス
タバコ
椅子
センス
帝国
入浴
電力
修行
アピール
満喫
関節
右手
届く
予選
解放
上下
声優
臨時
表明
権力
散策
推薦
タオル
全面
分布
保有
目安
業績
幹事
初日
閉鎖
完璧
アクション
探偵
様式
就任
王国
援助
不可
ベビー
原料
順位
早期
電波
マス
昼間
稽古
半角
司法
債務
休業
ケーブル
無線
外交
愛する
執筆
イエス
正解
水分
運行
氏名
照明
ワーク
上司
観点
リクルート
品種
ボード
インストール
クリーム
睡眠
天井
幼児
帰属
宴会
付属
正常
主演
ステップ
味方
解散
監査
関わる
乗車
サーバー
迎える
鑑賞
収益
招待
驚く
メンテナンス
ノウハウ
ソロ
黄色
録音
代行
学問
過ごす
小物
シナリオ
リニューアル
用紙
自立
本質
追求
パンツ
フロント
咲く
強調
寂しい
怪我
パチンコ
国産
学部
入試
キス
濃い
国土
ブーム
ヘッド
速報
ガイドライン
世帯
ポケット
抽選
マッチ
特急
後悔
知恵
自社
分解
オークション
合意
避難
議長
ホルモン
巨人
パッケージ
原稿
水準
都内
投入
比べる
経費
ボス
家賃
名物
ホワイト
麻生
自主
エピソード
新年
遠慮
飲料
チャン
課長
先行
年末
暗い
プロセス
賠償
デート
給付
区域
オール
添加
サン
光景
法令
商標
和食
排出
笑う
暴力
チャンネル
石油
出店
往復
教材
モニター
有無
考察
ゴム
誤解
青春
若手
スルー
ハート
落札
輸出
勝つ
ふく
大勢
拝見
ターン
判明
奇跡
財団
名誉
付く
週刊
サブ
祝日
年収
同盟
まり
産地
既存
アイデア
分離
会う
早朝
店頭
圧力
生まれる
師匠
意義
区間
押す
歌う
赤字
犠牲
任意
牛乳
実質
テンション
河川
月末
誘導
加盟
閉店
学年
逆転
残す
冷静
前記
冷凍
自覚
ラン
マーケット
上映
汚染
クラシック
アクセサリー
決意
区分
ダブル
歌手
親切
助成
ワールド
禁煙
集まる
見解
渋滞
象徴
除去
気配
フィルム
クロ
法則
クロス
債権
保守
対抗
平気
根本
モンスター
体育
大地
出口
抑制
長官
違法
本件
複製
正義
信者
リクエスト
カップル
戦う
幅広い
観客
売る
農薬
ランド
得点
賛成
自作
アルコール
為替
拍手
店名
幸福
誇る
客室
立地
原理
セリフ
将軍
本番
通る
太鼓
容器
彼氏
戦国
レコード
黄金
デモ
リード
校長
業種
菓子
回路
突入
長年
点検
酸素
左手
ドラゴン
アレルギー
セール
コピペ
ジュース
林道
突破
手間
配合
日光
飛ぶ
エアコン
高める
台詞
火災
譲渡
花粉
島根
大戦
観戦
移植
オーバー
点数
総額
フェア
帽子
予感
実用
系統
景観
松山
アイス
休暇
抽出
清掃
相性
合流
後期
商売
抗議
実習
スイッチ
スーツ
アレンジ
パスタ
屋敷
親父
正月
重量
トラベル
不幸
天才
同人
社内
リア
主役
北部
コンクリート
チェーン
工程
告白
庭園
ナンバー
描写
両手
緩和
持参
先端
謝罪
制服
天候
外観
長男
地面
フォーラム
行方
プレ
個室
コンセプト
前項
和風
経緯
開幕
署名
上場
理念
録画
全力
政党
フィールド
幻想
生成
喧嘩
食料
外出
閉じる
アナ
器具
貿易
西洋
職種
花見
ボリューム
クイズ
婦人
ドリンク
ドライバー
絵画
答える
クリーニング
エラー
意欲
手順
騎士
飼育
随時
慎重
訪れる
小川
融資
重複
クラ
図書
愛情
アウトドア
財布
砂糖
大半
知人
酸化
欧米
軽減
五輪
昨夜
細い
住人
書士
刊行
郷土
飛行
私立
夜中
目次
構想
デザート
心地
才能
起きる
居住
ミュージック
官僚
扱う
接触
行列
コマ
キャスト
パートナー
補償
デッキ
施策
局長
打つ
継承
添付
角度
都会
たつ
装着
如何
意志
変身
一見
頼む
用いる
集落
賃金
現れる
並ぶ
送付
反射
教養
キャンパス
マスク
モン
ラップ
参拝
チン
趣旨
現行
鑑定
右側
手配
マラソン
支える
防犯
件数
肉体
検出
恐ろしい
省略
合同
クール
職務
野郎
成人
前年
財務
指名
究極
芝居
同僚
迫力
解体
市区
液晶
酷い
確信
手元
大根
暮らす
体質
地位
ミルク
合宿
ホビー
国語
結成
文明
文献
兵器
日頃
説得
ノー
夜間
拡張
起こす
引く
入社
過剰
名所
スタンド
寺院
ペン
強度
日時
来場
喫煙
レイ
匿名
持続
疲労
結ぶ
補正
内側
養成
史上
合唱
感心
外来
矛盾
受診
芸人
着く
保持
ドレス
告知
ハーブ
樹脂
濃度
マーケティング
クリップ
弟子
推奨
ハンドル
新刊
海軍
手帳
参院
警備
雑談
大陸
デジカメ
振動
受注
尊敬
海上
免責
従事
侵害
エース
テント
発注
冗談
テクニック
シャワー
密着
戦士
調達
正規
パフォーマンス
牧場
輝く
相撲
不況
返済
免疫
危ない
ドット
クッキー
墓地
ジャズ
境内
贈る
出勤
連盟
ストレート
故障
実況
バトル
特産
規格
本屋
反論
警戒
生理
恒例
侵入
左側
損失
後日
加減
暗号
死刑
一家
中傷
聞こえる
リアルタイム
徴収
戻す
土曜
新品
合理
各社
側面
古典
中部
糖尿
ヒロイン
属性
尾根
ロング
分子
起業
メジャー
コンテスト
なくなる
工芸
新設
つる
アプローチ
故郷
デスク
落語
動かす
プラザ
対立
老舗
フィギュア
精度
コーチ
シンポジウム
隣接
さる
高額
アンテナ
グラス
来月
グランド
開花
包装
複合
対決
類似
後輩
陸上
セブン
正体
天国
ジャケット
加速
フルーツ
タワー
消滅
バイオ
守備
レンジ
仲介
推定
チョコレート
中島
給食
触れる
策定
頭痛
人格
寄付
コンビ
初代
レッド
制定
気候
贈り物
拉致
落とす
定食
選定
実務
課税
諸国
脚本
最中
タンク
橋本
入金
大宮
ベルト
先月
診察
正当
発足
シール
端末
ボーナス
怪しい
足元
止める
女王
大島
道場
カン
殺す
神話
トピック
ショート
キット
洗浄
排除
水産
ピーク
園芸
浴衣
地帯
工具
爆笑
通学
摂取
協定
倫理
狙う
懸念
反発
権限
苦しい
極端
不快
大豆
リラックス
整体
防御
ガソリン
ソウル
ブレーキ
情熱
チャット
あう
シャツ
日数
アカウント
幕府
遭遇
紅茶
リビング
片手
ドン
言い訳
フォロー
背後
サラリーマン
渡る
源泉
中旬
真似
締結
定員
半島
立体
地味
ビーチ
登記
歩行
体操
衝突
プライベート
高山
目立つ
一貫
改修
通貨
伝わる
やばい
司会
計測
コメ
きつい
身長
ポジション
要件
バックナンバー
撤退
堂々
非難
ティー
分間
残業
コス
工学
標高
レーザー
冒頭
県警
ムービー
衛星
役者
青空
メモリ
ガキ
フライ
再建
境界
満開
東洋
ディスク
解明
公立
個々
推移
先進
比率
検診
マニア
処置
木造
承知
ライセンス
全文
降る
兵士
放映
バックアップ
表彰
聖書
部下
グラフ
ベル
頑張る
技能
一種
青山
無限
早々
借りる
上田
着用
定着
原告
情勢
回る
ミサイル
ボート
スイーツ
モール
当局
頂上
コンパクト
マルチ
シルバー
融合
土木
中山
ベンチ
排水
評論
クリ
補給
絶望
血管
返答
インター
平野
コール
スカート
体系
明記
平安
逃げる
何事
発掘
承諾
ローカル
決まる
ラブ
視野
ロープ
殺害
服装
回線
土壌
参戦
返還
サウンド
返す
負荷
マネジメント
洋服
模型
親戚
格差
学術
預金
マット
アン
接種
水着
調節
在宅
擁護
ダイビング
派手
食欲
ナイト
ショット
肥料
プレート
著書
共感
古墳
暴走
貨物
独り言
開店
系列
要する
車内
分岐
部員
アプリケーション
ライバル
覚える
避ける
プラスチック
感激
水槽
ロゴ
町内
転送
アルミ
ロー
節約
武士
ヘア
コン
デザイナー
推測
アンチ
敷金
でかい
脱出
関与
海洋
数量
生態
離島
支出
バナー
直線
指標
バブル
隊長
収容
進歩
セル
市販
同期
国籍
マイク
眼鏡
小児
客観
発音
下旬
ミネラル
パンフレット
負ける
ガーデン
一斉
結合
東方
控除
基金
開拓
発動
信託
リース
決議
浴場
慢性
答弁
選考
カロリー
耐震
ミリ
チップ
シャンプー
予備
漁業
本音
シフト
世話
アットホーム
院長
ガード
事典
キング
俳句
ステーション
果実
下着
将棋
パー
証言
縮小
子宮
青木
レジ
関数
混雑
挿入
都心
団地
物流
飲み物
変形
例外
接客
体内
如く
提言
本線
充電
民家
生息
上品
到達
ゲート
一族
大橋
地理
マネー
注射
習得
隙間
乙女
果物
喫茶
変態
死体
運送
属する
一流
一環
浸透
送迎
納期
ロケ
少数
温かい
供養
シュート
彫刻
コンサルタント
駅名
清潔
階級
言及
学院
混合
幼い
奥様
買収
集計
内定
対話
魔女
賞味
ピックアップ
廊下
傑作
爆弾
安値
流出
加える
自演
西部
山下
個体
通行
筆者
ペア
併用
協同
決断
上流
同行
地形
南北
政令
審判
トータル
部会
武将
市営
云々
行使
楽曲
スポンサー
ホット
木材
インパクト
結晶
目線
体感
厨房
ワークショップ
キャッシュ
進路
寿命
中日
フラワー
視察
アル
小倉
工法
済む
ゾーン
記号
破綻
バター
再会
バナナ
分散
他社
プロレス
神田
ポーズ
機嫌
民宿
農園
増やす
倒産
浮気
踊る
消える
下がる
歩道
キーボード
昆虫
ロス
ブラ
愛用
展覧
店主
レンタカー
郵送
小学
秘書
観音
ランプ
広域
腰痛
加算
来日
闘争
同日
身分
警告
ターゲット
出資
放棄
旨い
尊重
容赦
キャベツ
ハンド
適応
修復
甲斐
耐久
通路
養護
下る
浮かぶ
必見
図鑑
学力
公認
視界
蓄積
かり
ピザ
庶民
迫る
溢れる
常連
カルチャー
プレミアム
名作
霊園
ツーリング
ハム
演説
討論
連邦
内装
薔薇
野生
両者
プリン
与党
フィード
町長
納豆
目撃
発症
ヒーロー
住居
レギュラー
補足
限度
水素
復興
気象
英雄
天下
ギャグ
昆布
高価
孤独
達人
液体
克服
ポケモン
通称
一品
虐待
東西
学歴
出血
救済
劇団
歌舞伎
コア
機体
シン
年月
スコア
解雇
典型
サーチ
貯金
下落
ナイフ
パイプ
調和
八幡
電化
例年
テン
ゴールド
大衆
マジック
感性
緑色
大賞
シェア
限る
一同
占める
合戦
夫人
郵政
球団
軌道
ワクチン
調味
当地
眼科
視覚
遺族
女神
共演
近辺
財源
アンティーク
夫妻
学級
破損
不能
劣化
コンピューター
加熱
識別
疑惑
中世
カーテン
双方
食う
民営
死者
川口
ライダー
飼い主
還元
心身
インデックス
指数
通用
斜面
シューズ
減る
セッション
こだわる
圧縮
ラッキー
ライター
捨てる
移住
別荘
創設
出番
商工
車検
苦情
酒造
破産
了解
線路
会談
喜ぶ
忘れる
軽量
ファースト
スライド
前期
連動
座席
顧問
金銭
戦場
物事
リボン
上級
上る
工務
食器
付加
アーカイブ
一目
先発
間隔
案件
独占
演習
魚介
ジム
武装
画家
配当
ランダム
ファンタジー
難い
風俗
療養
動機
会合
ユーロ
バッテリー
部位
直送
願う
和室
投与
世論
悩む
妥当
プロデュース
スクリーン
名刺
タッチ
プラグ
家事
補強
オペラ
ストップ
ソング
県道
パンチ
流す
総裁
ストア
レモン
指針
定休
部活
感触
支障
悲劇
柔らかい
レポ
こく
ラベル
後方
原点
就業
通う
打撃
人前
復旧
問う
フジ
失業
親友
復元
稼ぐ
あたる
カツ
図面
侵略
移籍
後者
露出
繊細
黄色い
エンジニア
コンサルティング
仮面
サポーター
募金
開通
万全
水中
水面
青少年
横断
公衆
紛争
素朴
アナログ
接近
施術
髪の毛
衆院
食物
中断
酵素
大山
待機
代替
上陸
サプリメント
出前
東部
焦点
テンプレート
ペンション
校舎
貧乏
案外
改定
ゼミ
奴隷
備考
課程
易い
集める
宝石
祖父
トレード
要領
球場
トピックス
払う
妖怪
キレ
発射
国境
外側
戦力
農村
スケール
満点
チャート
ビジョン
頻度
本名
処方
先祖
コンクール
人参
格闘
五月
完結
泣く
納税
エキス
探検
祈願
担保
コイン
口調
ススメ
創立
月額
上限
大将
マネージャー
延期
柔道
占領
真相
ドクター
戦前
威力
汚い
天神
センサー
美味
意向
カウンセリング
偏差
皇帝
越える
叩く
ベテラン
資材
ドメイン
アプリ
同年
性別
奮闘
経路
指輪
キャッチ
納付
騒動
台所
粒子
勧誘
一連
無償
保つ
礼金
ペーパー
さく
モチーフ
ブース
ナチュラル
フェリー
地蔵
認可
選抜
高温
シミュレーション
食卓
公正
スピーカー
繁殖
キムチ
下さる
妨害
貴族
ロビー
脱毛
原爆
漢方
腫瘍
始末
救う
海鮮
新書
三角
ファンド
相対
屋外
火山
光る
エレベーター
ステーキ
媒体
ブッシュ
特例
夜景
屋台
実物
グレード
機動
オート
末期
途端
眺める
公募
不便
ドーム
短縮
フロア
バンク
真理
パチ
コマンド
連想
自称
共済
共和
牛肉
巡る
算出
生存
隊員
空中
セカンド
テラス
運ぶ
仮想
出展
伝承
断熱
館内
区画
平等
ラウンド
ミッション
響く
味覚
発酵
転用
選出
中田
シェフ
バグ
標識
実装
サイクル
原子
伸びる
所持
停車
本編
当方
血圧
逸品
粘着
主導
ポート
前方
遠征
スタジアム
絶賛
電動
服用
ダイヤ
革新
主観
屋上
ビニール
デス
裏側
急行
完売
用事
ポンプ
味わう
撤去
常時
入賞
アナウンサー
日誌
美女
すすめる
質疑
戦車
抹茶
フィルター
任務
及ぶ
包丁
装飾
ジュニア
連発
登校
被災
北側
石鹸
特価
各自
接着
追う
果たす
探索
梱包
翌年
ベランダ
メル
パイ
惑星
文部
幕末
ポール
印鑑
バン
リー
馬場
追記
好調
チキン
アフィリエイト
麻酔
外壁
含有
誹謗
魔術
人種
高値
ジェット
宿題
志望
悲惨
釣果
トーナメント
メス
拘束
本場
進展
凍結
月刊
本田
建造
運賃
解答
司令
郊外
神秘
夕日
小山
ドライ
水平
デー
作詞
近郊
焼く
バーコード
鉄板
改訂
大物
持ち主
発覚
同居
ベンチャー
応答
敏感
マイクロ
阻止
永久
倒す
対談
祖母
浄化
完備
年中
議案
ライフスタイル
存続
陸軍
バイキング
ローズ
日和
症例
守護
年数
貧困
ホスト
全額
キャップ
付与
奉仕
問屋
トレンド
ハイキング
異動
使命
ウォーキング
鍼灸
今頃
ダイニング
前進
特色
細菌
主任
愛犬
適合
外見
カラ
昨今
大名
燃焼
サイエンス
万が一
新車
ネーム
営利
役所
キック
切断
検察
消毒
嫉妬
ボトル
対照
名人
暖房
フレーズ
デパート
人民
担う
あつ
フラッシュ
実在
本年
スタンダード
去る
実証
名義
休止
後継
ドラム
駆使
着る
前作
起訴
解約
不在
トライ
重点
熟成
所定
抜く
原油
直す
探る
スカ
ウェア
精密
忍者
放出
助手
訴える
オーディオ
合間
増大
一行
華麗
伝達
チャンピオン
技法
名簿
勘弁
農林
壁紙
県庁
アド
必然
下げる
魔王
沈黙
ビューティー
デカ
飲酒
シンボル
大気
シャッター
下山
レール
苦痛
ツリー
樹木
スリー
語学
銀河
理屈
玄米
オープニング
西側
髪型
艦隊
大雨
失う
経理
申し出
ノン
詩人
スロー
経歴
渓谷
無職
交際
起源
薬物
路面
ブル
悔しい
フェスティバル
丈夫
薬剤
連日
省エネ
羨ましい
軍団
志向
リハビリ
脅威
上回る
特長
洞窟
上旬
石垣
啓発
採取
快速
ボー
涼しい
視力
理科
題名
双子
断念
軍隊
カーブ
豚肉
きく
半額
降りる
比例
メロン
クライアント
参画
漂う
農地
種別
風情
電流
プレーヤー
右折
ジャム
損傷
タレ
ジャック
路上
船舶
道徳
ロケット
必殺
込む
吹く
収支
スタンプ
安打
計上
ミラー
地裁
悲鳴
山中
紀行
ユニ
元年
懇談
他者
先物
舗装
算定
推理
小松
色彩
スキン
一望
召喚
参入
続編
駆除
遺体
クエスト
ピース
センチュリー
月曜
方言
マイル
定年
下部
砂漠
足跡
山岳
再発
隠す
冊子
掛かる
幸運
クセ
中期
大字
祈る
リレー
担任
賛同
終盤
プロデューサー
セレクト
眺望
辞任
優雅
増殖
渡す
海賊
長寿
頂戴
骨折
家屋
キープ
甘味
ニート
ふる
両国
暗殺
改装
歴代
仏壇
スカイ
上質
カウント
子孫
虐殺
全域
真夏
木々
専攻
失点
チャリティー
ラッシュ
肯定
エンディング
潜在
野田
昼寝
レン
ストック
主流
直径
アジ
通訳
歌声
騒音
古本
水質
神宮
外人
パーセント
独身
テンポ
ジュエリー
化合
主力
カルシウム
レイアウト
社団
インチ
規程
悪口
電圧
再編
団子
ハーフ
クレジット
片方
リフト
商人
地盤
救助
配線
毎度
ナイス
ワンピース
改札
不審
鳥居
書面
パッド
鋭い
大使
祝福
百科
所長
遂行
批評
秘訣
止まる
音色
フロー
クレーム
プライド
欲望
ループ
手足
役場
タイル
次郎
西口
戦術
所要
抜粋
車線
ズボン
式典
グレー
浅い
ミュージカル
昇格
ハズ
香水
サイ
伸ばす
共産
遺伝
切手
長女
儀式
治安
有用
イレブン
エンターテインメント
友情
絶品
ムード
妖精
ハンバーグ
難易
野党
白石
乗客
密度
労務
ツイン
配列
フリ
ドラッグ
本家
返金
開封
麻痺
中毒
やめる
魅了
デリバリー
陶芸
便秘
帰還
商法
アカデミー
不倫
教科
早稲田
ゼリー
偉い
ランナー
帰省
七夕
学期
幽霊
大国
玩具
イタリアン
大工
余地
定例
人員
硬化
網羅
寄与
三昧
ステ
ロマン
アトピー
南側
警官
憂鬱
メン
単身
補修
ステンレス
根性
母子
パノラマ
親族
複写
洪水
高木
紳士
英数字
只今
沿岸
上達
到来
バレエ
振る
カメラマン
ウォーター
純正
不妊
捏造
膨大
大声
友好
番地
寸前
接する
マイナー
日刊
ヘルスケア
教諭
眠る
初夏
神楽
山々
陶器
生体
左折
浴室
キリ
習い事
調剤
命名
島田
消す
路地
植民
アニメーション
目黒
配分
ダイヤモンド
茶屋
燃費
部署
フレンチ
ワイド
前面
極上
女房
パイロット
リセット
名曲
併設
握手
陽気
準用
切符
リフレッシュ
金子
倉敷
途上
部材
売り場
現況
洗面
電鉄
洗剤
売れ筋
バトン
今季
掲示
国債
民事
統制
ストーン
剣道
曜日
次男
採択
勧告
負傷
ダッシュ
ノイズ
中盤
落下
異議
欠点
農民
良品
オーラ
野外
共生
反日
メカニズム
スプレー
皇室
助ける
ジャー
愚痴
役目
座る
内蔵
本舗
受給
言動
支払う
ファー
機材
動脈
退院
兄貴
育つ
弥生
小島
水泳
列島
プチ
サー
望ましい
ジン
小麦
情けない
管轄
新曲
北上
封印
縄文
未定
ポップ
モットー
レア
ガイドブック
所在
楽譜
春日
警報
冷却
太い
原発
間接
ペットボトル
臓器
懐石
ナース
満たす
イスラム
特製
アイコン
エル
放つ
固有
焼き鳥
代謝
連勝
ビット
叫ぶ
体温
戦隊
三郎
出願
民俗
絶景
反する
基調
バリ
英文
化石
防水
肝臓
部落
観念
木製
移民
出題
スパイ
海苔
投下
題材
並木
全集
捜索
吟醸
構図
インフラ
フィット
飾る
ブライダル
金曜
免除
採点
許す
省令
領収
優遇
指先
洋食
バーベキュー
サンタ
駆動
急性
定額
人体
特選
不利
白鳥
両面
運搬
強盗
葬式
右翼
デバイス
着手
追及
市街
負う
ヘリ
シャープ
シニア
レート
雑記
井戸
圧倒
ジャン
示唆
ディナー
金魚
宅地
フラット
制覇
後援
運輸
下流
史跡
ハンター
不問
ターミナル
上空
通話
待望
ドラ
回す
助言
制約
スクリプト
遺言
当面
外資
多発
本堂
バリエーション
捕獲
おう
コラボ
教職員
ミュージシャン
軍人
航海
サーフィン
遅れる
ゲー
中年
リットル
ボルト
会席
徒然
山道
稼働
賃料
経つ
情緒
グラウンド
失い
跡地
社名
高層
全開
醸造
両立
塗料
コーン
枚数
海水
一律
保安
介入
公布
コンタクト
敗戦
家計
日産
勇者
瀬戸
前者
名言
獅子
水晶
弁護
坊主
内臓
マクロ
炭火
音響
圧迫
序盤
短編
オリーブ
単価
陛下
周知
有価
生育
インク
船橋
怒る
ラリー
名詞
難民
時給
ピンチ
何者
頭部
一昨日
留意
身内
修了
寸法
浮上
納入
放射
蒸気
民衆
炭素
物体
地酒
発祥
提起
除外
炎症
ミステリー
利便
爽快
一角
権威
低減
東側
税制
半径
敗北
油断
飛躍
ミーティング
分裂
本校
ブーツ
レディース
野鳥
自力
音波
下痢
不調
競売
抱える
置き場
本尊
注入
反面
広げる
発熱
肖像
絶滅
決着
前述
対面
解禁
長文
秩序
反撃
フォン
同市
国内外
流域
消耗
折々
文法
妊婦
好奇
公平
税務
声明
建立
入所
音源
芝生
コスメ
バイパス
試作
述べる
北東
無言
フラ
欠陥
美肌
めざす
プレッシャー
オートバイ
蛍光
巡回
誠実
ブロガー
漁師
物品
外貨
左翼
山手
山荘
納品
フォント
搬送
最短
トランス
ドロップ
相方
起用
番手
空手
真空
在籍
炭酸
パンダ
傾斜
ギャップ
ミックス
感度
上京
ヨーグルト
先程
乾杯
紅白
後退
信念
ウォレット
喪失
稲荷
促す
退屈
酸味
公益
統治
次期
乗り物
告発
ガール
オブジェクト
即日
車体
挑む
暫定
メタル
用地
南海
先制
許容
遅刻
今晩
明細
パニック
ボクシング
ブリ
ブラシ
ルー
漁港
フォーク
体型
死去
外食
役人
誘う
ビーム
残留
相違
無知
別名
口腔
少量
皇太子
離脱
肥満
洗う
遊園
馬券
衝動
会費
一撃
期日
気力
内外
ジャーナリスト
ポリ
バット
燃える
招く
マフラー
朗読
紛失
泥棒
見物
ライオン
ストレッチ
銭湯
繁栄
順序
試食
議決
目玉
封筒
車種
カプセル
首脳
花嫁
増す
排気
騎手
待遇
事由
クラフト
眠い
湿度
決戦
娯楽
復讐
新興
水田
日向
絶好
懇親
終点
ホイール
王者
ラス
クーラー
貰う
モーニング
ドキュメンタリー
野口
ブレンド
付着
毎朝
一員
夕飯
離れる
洗練
川上
急増
南西
開会
里山
アクセント
ホラー
青葉
同情
スケート
タブ
骨盤
ハン
作物
基板
先着
ポット
熱中
改築
聖人
コーディネート
ニックネーム
入国
カジュアル
自国
クッション
親方
ライ
ロール
集客
台数
造形
山菜
刺繍
一帯
エンド
戦艦
クイック
見本
溶接
迷う
道中
ラグビー
連帯
本棚
導く
サミット
ダーク
ナイ
レバー
雑草
任命
周期
スペック
襲撃
本能
干渉
愛車
分担
通院
愛好
白馬
アンプ
ボーカル
高まる
皆無
ピアス
ストリート
オーケストラ
用具
模索
分泌
コーティング
暴行
胃腸
献金
菩薩
ウッド
楽園
パスポート
過疎
年々
単行
気付く
ディーラー
モーター
ヘルス
グラビア
説教
揺れる
領土
ナノ
バレー
偏見
活力
フライパン
良心
好感
上演
射撃
同伴
サンド
北西
恐竜
効能
各々
増税
中元
流動
全角
仏像
明後日
監修
切ない
潜水
上方
農場
設ける
帰り道
カクテル
顔面
本学
調教
オン
アタック
売店
税率
書評
大社
陰謀
自律
差異
酵母
ギルド
ハナ
重ねる
アマチュア
ラム
黒人
水上
公社
アドバイザー
平面
平行
文芸
物産
初版
モー
ブックス
強風
年上
ブラウン
食糧
泊まる
毛穴
転勤
通す
低迷
マリン
ボン
海底
創出
快感
国交
渓流
賢い
戸籍
トリ
書道
触媒
山間
新緑
打者
満員
金色
転落
真田
精霊
作文
架空
中核
栄光
ドリーム
疲れる
作動
貼付
好意
火事
懲役
貯蔵
女将
アイスクリーム
ナビゲーション
ベタ
図表
ファーム
頂点
かる
コラボレーション
可決
新卒
スイカ
座敷
最小
ストーブ
エリート
終始
妥協
グラフィック
堤防
優位
一夜
結末
補充
前線
風水
巫女
命中
日の出
達する
就活
北斗
高騰
和解
家畜
低温
リストラ
軌跡
元祖
残高
物価
テンプ
突撃
転倒
弱点
入園
旅人
丸い
セミ
恐縮
虫歯
セルフ
鶏肉
天狗
手首
念願
直結
告げる
硫黄
点灯
テクノロジー
総括
種目
薬品
暴露
ストーカー
自衛
クルーズ
入れ歯
成る
使い勝手
デジ
サウナ
事柄
国宝
松原
隠れ家
チェックイン
苦戦
居心地
コップ
客席
映る
受託
ウエスト
品目
理系
変革
任期
精進
筆頭
カリキュラム
スプーン
追跡
麻薬
商社
キャプテン
メガ
ダン
目録
ピッチ
プロモーション
小生
書房
驚異
出典
製薬
抱く
武力
スタンス
量産
養殖
万博
投げる
カイ
ランニング
変数
集約
スカウト
ブリッジ
パール
外す
小池
チェンジ
一昨年
圏内
材質
パーマ
短大
カスタマイズ
ジョー
ボイス
チューブ
かえる
本館
怪獣
照射
コミュニティー
メダル
拡散
カール
メタ
管内
津波
犯行
グラム
光学
僧侶
皮肉
リンパ
奨励
土台
ゲレンデ
グランプリ
因子
牡蠣
スマイル
住職
整骨
本土
増進
藩主
今期
当てる
未知
愉快
台場
チャーシュー
メーター
粉末
産卵
死後
酔い
生姜
活気
病棟
終戦
種子
利点
大腸
和紙
移設
処刑
懸賞
首位
カリスマ
速攻
和牛
オー
愛子
人柄
船長
父母
白人
給水
古来
構内
階層
加害
メモリー
陽子
負債
控訴
教訓
出土
明示
本数
中堅
羽根
東口
コンディション
他国
ライス
直面
戦時
意地
一息
厚い
配管
虚偽
アマ
町民
倍率
キッズ
官房
休む
定数
パレード
交響
ホームラン
垂直
万一
靴下
菜の花
内面
論議
論争
賞品
拡充
減額
合体
童話
はく
手袋
囲碁
染色
慰安
快晴
星空
願望
実名
アダルト
月間
半端
誘惑
握る
魔力
重宝
翌朝
張る
諸君
間に合う
呪文
護衛
効力
残酷
遠隔
メンズ
御飯
古書
遅延
アップデート
衛門
治癒
宝物
分ける
直撃
配偶
余談
接待
セーブ
音質
大作
傷害
法定
浴槽
分配
波動
淡い
償却
キャスター
実情
新田
総研
ルアー
人件
直行
ブルース
水路
サムネイル
過失
ビーズ
退治
創刊
アナウンス
不動
救出
暗黒
ロッド
神殿
婚約
噴火
欲求
フライト
特設
誘致
通算
区内
アメリカン
定価
文具
換算
パズル
ミュージアム
昨晩
小鳥
培養
シルク
歌謡
遠方
終える
暗闇
トレ
連鎖
貴女
コラーゲン
風土
発現
港湾
遊戯
白色
欠席
親指
画質
王朝
ベット
大神
豪雨
年内
コスモス
組む
誤差
保留
閑静
半日
アメーバ
重力
ラック
洗顔
ソリューション
パッチ
無くなる
主権
心得
別表
率いる
築地
愛称
ワゴン
開運
ビザ
藤本
成熟
飼料
掛ける
マニフェスト
幼虫
磁気
赴任
出生
集積
本命
動員
無用
返却
窒素
高台
トム
アパレル
ハー
フック
露天
カルト
尻尾
奪う
カメ
花束
直感
奉納
制裁
追放
ガーデニング
盛況
学長
曲線
岩盤
阻害
前条
アルファベット
真珠
出世
神道
理性
扶養
観覧
大小
審美
礼拝
ロン
サラ
谷川
動揺
半数
解剖
解く
搬入
変遷
南国
功績
打線
続出
スクロール
主題
スロット
時事
水温
湖畔
ドキュメント
特異
全滅
ナン
晴天
割烹
当館
物資
チャージ
衰退
豆乳
可愛らしい
証人
最期
実体
頭皮
カスタム
新婚
北方
心境
両側
エージェント
議事
金券
挫折
実例
灯台
クリスタル
端子
容姿
見上げる
賞金
耐性
所蔵
独裁
土方
史料
黒字
リサーチ
生かす
深める
法要
携わる
空白
仮定
しんどい
テレ
モチベーション
スパイス
熱帯
優待
国旗
生む
駅伝
ロケーション
マザー
石橋
品物
見所
洗脳
細工
合金
操縦
湿気
原価
目印
フォーマット
予言
製法
伝授
団塊
脅迫
ウルトラ
火力
猶予
大家
挙式
相関
苦悩
坂道
庁舎
罰金
天地
廃車
モジュール
均一
屋内
勘定
プログラミング
シアター
アトリエ
測量
夜空
実戦
異性
転移
短歌
段々
リハビリテーション
河口
粘土
コンテナ
町名
搭乗
アップル
香具師
素子
救援
字幕
川島
飛鳥
肛門
被爆
気圧
余分
名産
冬季
大石
吐く
ユース
苦しむ
辞める
着色
不信
定時
在学
ゲージ
価額
日報
すむ
ウォーク
専念
聖地
長編
支社
相棒
リーチ
許諾
固い
吸引
共存
小僧
夢見
都度
有志
温室
授与
市政
ゴロ
従う
舞う
星座
殺菌
アクセル
ファイナル
最古
談話
サーキット
礼儀
色素
覚醒
力士
改変
さす
ブナ
留守
自家
算数
断面
セレブ
煮物
個展
出動
イエロー
聴取
ハリ
初戦
縁起
ハイブリッド
国王
ヤフオク
シルエット
参道
鉛筆
舞踊
スティック
整える
絵柄
提唱
幼少
ラウンジ
民法
チョイス
レビュアー
交差
発作
交互
就労
団長
退会
メロディー
卓球
ネクタイ
草原
名乗る
光沢
辛口
痛感
書記
増強
強行
上人
放流
院内
湿原
ウリ
単品
プライス
オブ
根元
書物
好物
リーマン
北口
発する
総称
盗難
分別
無人
専業
質感
言論
酒場
マネ
論点
横綱
下地
錯覚
単体
包括
飛ばす
ライトアップ
バスト
南口
中途
プロフェッショナル
畜産
現存
大川
事象
照会
法廷
厄介
茶碗
赤色
矢印
流星
一色
判例
菜園
告示
リスナー
デフォルト
アカ
無茶
興行
スパム
中立
仮説
特権
パウダー
ホモ
公約
陰陽
エール
過言
殺到
積雪
震災
オシ
駅舎
著しい
考案
要約
区民
天文
始動
稜線
消失
鉱山
模擬
茄子
養子
抽象
最長
デメリット
撤回
サポ
一挙
ウェディング
腎臓
街頭
青色
皇后
重症
利息
ドリル
発着
追悼
山陰
現物
新橋
ホース
トランク
断言
漫才
メトロ
セールス
コロッケ
向く
ボーイ
市議
疾病
ティッシュ
夏場
努める
番外
ガム
バル
家内
ラボ
沸騰
目前
トレーナー
宮殿
トー
公安
界隈
怪物
尋ねる
モラル
震度
力強い
下町
ペンギン
無垢
態勢
満月
音量
ディレクター
イケ
平凡
歓声
砂浜
福音
局面
退場
日系
編入
リモコン
ネックレス
連覇
指令
環状
芭蕉
乱暴
猛暑
悪意
誘拐
老化
普遍
協調
内緒
景品
プラチナ
司馬
儲かる
奨学
嫌悪
鳴る
山地
贈答
思惑
大王
多重
古川
摩擦
民謡
天空
税額
梅酒
例会
逃亡
時空
敗退
集結
主宰
利権
躊躇
ヘルメット
一味
スポンジ
内心
ギャル
車庫
骨格
ソファー
吸う
しつこい
イルミネーション
高架
灰色
山内
税法
給油
清算
弾圧
心情
地雷
証書
夏季
補完
シネマ
競合
パンク
南東
内野
食後
田園
多種
メッシュ
等しい
隔離
スイング
石炭
中原
王道
作製
川柳
委任
寝具
土砂
ソレ
協賛
風船
法務
直売
手札
組成
巡礼
万能
消去
復習
フリーター
声援
国体
セッティング
健在
タイムリー
尽くす
公害
滑走
緑化
採集
撃破
選任
ルーツ
ワンコ
刃物
容認
全米
恩恵
備える
繁盛
清流
食用
決心
元素
金具
フラグ
仮名
特撮
団結
ベイ
従前
山城
共用
増設
近況
無双
損益
好む
コーラス
無能
不全
ステータス
欠ける
スナック
ゴールデン
貧しい
裏面
痴漢
プレミア
海域
懲戒
洋書
アンダー
解凍
メンテ
直通
近世
沈む
ドック
起因
散布
断層
ハードディスク
平方メートル
血糖
スケッチ
カトリック
初級
奏者
就寝
アロマ
行程
連立
家臣
反転
出馬
タマ
喘息
試聴
分科
塗る
精力
ギャンブル
判別
均等
承継
爆撃
バスケット
減量
年下
義理
野望
知能
侵攻
三振
試練
回想
屈指
発車
ジーンズ
マーカー
コーディネーター
ジャンボ
専務
電磁
唐辛子
戦線
反響
面影
浪人
ベストセラー
サングラス
後編
大木
雑魚
たまる
不振
月頃
村人
前編
インナー
害虫
補佐
鳴き声
力学
換気
満席
手形
武道
インフレ
凝縮
付録
実写
オーディション
教委
書式
オーブン
海辺
褒美
スパ
ラッピング
キャンドル
金髪
山麓
最多
販促
着工
壊滅
水辺
単発
カントリー
受容
航路
伐採
アナリスト
驚愕
グッ
用水
遮断
饅頭
泳ぐ
電撃
乳幼児
衣類
マヨネーズ
観賞
開講
届け出
料亭
カウンセラー
点在
ミシン
閣僚
商談
足場
拒絶
トーン
ポータル
是正
カーペット
ブルーベリー
ヒーター
来院
供述
名門
標本
細部
ネック
敬意
教団
ピット
クッキング
リップ
ダンサー
精算
墓石
立案
カブ
祭典
年配
花屋
林業
定評
バルコニー
後世
メカ
故意
徹夜
スピーチ
頭脳
インストラクター
念仏
正統
開閉
発光
最速
十字架
激励
面談
大雪
倍増
地質
楽章
弾く
演歌
汎用
自爆
特技
議席
抗体
毀損
肝炎
法規
労組
口元
火葬
ユーモア
中級
ボディー
直進
紫色
リベンジ
聴覚
ウォン
多忙
グリップ
排泄
御所
悪夢
千代
衣服
弾力
白黒
停滞
水色
総長
激減
ビラ
根源
母乳
磨く
発芽
同志
修繕
夜行
惜しい
紙面
鮮度
勾配
帰路
重なる
鉱物
大相撲
エプロン
冷房
寝室
在来
資質
水曜
天体
シリコン
献立
消火
ビジュアル
コント
木工
滅亡
千里
ゲイ
和書
バイ
セン
母校
新入
合コン
植木
作画
多用
トラバ
応対
挙動
学芸
探訪
レーダー
係数
並行
合法
釣り場
ダイアリー
履修
営む
孤立
月給
口臭
相応
ネーミング
トンボ
即座
見頃
的中
育毛
しのぶ
三味線
漁船
出撃
援護
園内
方策
対岸
カオス
国外
トリック
別館
触る
抗菌
トラウマ
専有
大口
実演
源流
無罪
ベリー
呼称
軽快
情景
山野
マンゴー
テナント
サプライズ
標的
宿舎
挑発
寄贈
コンプレックス
慣れる
連敗
山行
付き合う
省庁
昔話
党首
丘陵
公務
エイズ
高圧
質量
手話
紫陽花
チューリップ
レーシック
炎上
滞納
キリン
セイ
快楽
進入
反動
対人
入団
コンボ
バルブ
逃走
葛藤
生後
デフレ
瑞穂
利子
片道
アンパン
疑う
踏切
語源
購買
ノア
称号
空調
サプリ
今時
全長
獣医
試写
課金
全裸
ヤング
ホームレス
アンカー
四方
奉行
瞬時
国防
競走
素顔
レコーディング
探査
大麻
不意
インフォメーション
中枢
黒髪
義母
着目
種々
造成
荒木
段差
城跡
知性
不備
規範
新潮
バージョンアップ
密接
アシスタント
探求
契機
真っ先
却下
園児
開館
収縮
遠足
半田
シャトル
出没
新生
レター
多額
若葉
サイクリング
オリ
花園
牧師
神輿
ミドル
緑茶
他方
外相
法制
新党
着陸
人妻
因果
果樹
下田
有益
ソーセージ
賃借
キャラメル
小雨
平坦
ダイジェスト
既婚
ソープ
バスケ
替える
空母
人質
大佐
マイカー
辞退
プレゼン
常任
色気
サンダル
すく
スライス
尽力
産直
杉山
出走
古今
埋める
接点
改名
諸島
助かる
トッピング
近々
戦死
腐敗
未遂
ビート
焼却
ビス
混ぜる
役職
エクスプレス
評議
動力
行進
塩分
花壇
サマー
チタン
ホームズ
別人
版画
南方
誠意
コンペ
ハンカチ
落選
セクハラ
製剤
白菜
背筋
理学
腹部
面々
強要
自我
接骨
請願
毛布
要項
マインド
流入
谷口
現職
安保
嗜好
合図
白髪
浄水
婚姻
等級
ステッカー
瞑想
ニュアンス
来訪
条項
成就
ポルノ
股間
必需
ピッチャー
全品
終結
起床
流用
技師
貸家
大河
殿下
スタ
ロット
国々
左上
シールド
日の丸
新春
斎場
近頃
経年
期末
グッド
水位
アーム
意匠
神聖
年月日
ホルダー
移る
立法
なくす
土手
対比
冥福
ピーマン
投球
ドール
粘膜
ロイヤル
編曲
カヌー
ソナタ
ミント
支所
ポテト
停電
吹雪
頼る
分かれる
ベーコン
新株
内訳
墜落
片隅
遍路
パーキング
文系
電極
トライアル
キャッシング
保温
電球
エッセンス
魔物
注ぐ
術後
ファイト
時価
牽引
タックル
下位
館長
朝刊
加筆
コープ
小口
混入
タイガー
コミックス
夜勤
天草
ピアニスト
実業
アブストラクト
公営
メソッド
シチュエーション
乏しい
ディスカッション
わく
接合
ロッカー
贈呈
プラズマ
無敵
ミル
減税
債券
土器
進捗
南下
維新
遭難
狂気
試乗
御覧
外野
バレーボール
乗船
登用
吐き気
本業
陣営
便所
バーチャル
リール
萌える
事案
倒れる
理容
仮称
原画
同点
格子
コミケ
ライナー
ヤン
カーボン
長所
都立
ヘルパー
支度
ドレッシング
方位
直近
円形
蛋白
綴る
愛着
好ましい
アフター
大晦日
正午
叔父
作法
夏期
ドラクエ
メタボ
間際
バケツ
弱者
ナレーション
商事
演算
フローリング
余韻
贈与
ブロード
就学
些細
アクリル
特約
刹那
金庫
機内
相応しい
送金
ダイヤル
利害
起点
発散
名目
水量
無謀
迷子
機密
安堵
図解
里親
下駄
壁面
休養
緑地
更生
選別
売春
いれる
成約
月日
従量
計量
無休
量販
大差
トップクラス
併合
加護
若年
噴出
元旦
車道
超過
コレステロール
晩年
サンデー
ラベンダー
電機
連打
開口
プレゼンテーション
集う
乗り場
新米
研磨
洗車
ニット
勤労
彩る
アイ
コントラスト
ウケ
五郎
年次
静止
原文
清浄
故人
着信
一口
人名
パトロール
マックス
所管
クライマックス
返送
小豆
同名
和洋
オリックス
ドラフト
常温
湾岸
馬車
ガレージ
臨む
神事
熱意
ノベル
水源
アリーナ
動詞
窃盗
必勝
ドーナツ
木曜
金山
スキャン
アルゴリズム
点滴
偽造
炸裂
差額
ショウ
介助
総数
ハンマー
常駐
塩素
拳銃
冷蔵
執着
手動
産学
騒ぐ
アンコール
熟練
加わる
白河
受理
ショールーム
家系
駐在
重厚
均衡
傍聴
履行
プー
一筋
グローブ
蜘蛛
青梅
夕刊
壊す
草花
電線
要綱
初音
貨幣
一式
ヒップ
沈没
洒落
節目
平米
透析
林檎
ビジネスマン
ハリー
参政
救命
レタス
エンジェル
柚子
深層
攻防
要旨
中庭
パワフル
上着
原案
ヘアサロン
武家
運勢
様相
半減
ライブラリー
老後
争う
幹線
散る
改称
強豪
切除
活字
鉄砲
配備
祖国
創建
穀物
外装
スタミナ
静寂
公示
調停
酒屋
伝導
建材
教官
朝廷
コシヒカリ
塗布
異例
移す
村長
数える
改行
常磐
地場
応急
荷重
都営
焼き肉
女児
呟く
リーダーシップ
オンリー
山脈
覗く
ハイテク
国政
絡む
出汁
防火
メディカル
中西
フェンス
静脈
乗せる
右足
葡萄
答申
線香
代々
脱線
大沢
貧血
国有
東名
一刻
ゲリラ
愛想
学童
生ずる
アーチ
チャーハン
簡潔
足首
洋風
拷問
下方
学区
伴奏
ベクトル
貯蓄
反則
平山
レーベル
壊れる
テロリスト
オアシス
石材
必至
腹筋
低音
体勢
ハブ
強気
炊飯
備品
昼飯
寝台
採算
百姓
グロ
分権
即時
定款
洋画
旅客
フレンド
渋い
公団
至福
吸着
祝う
岩場
女装
織物
原型
給湯
眠気
文中
ムーン
占い師
マッチング
戦記
装甲
提灯
最善
償還
因縁
ハンバーガー
リハーサル
貫通
急ぐ
転生
アングル
和歌
宿命
捕鯨
一転
仕草
体格
左足
人情
精製
ワックス
男児
濃縮
アンサンブル
空襲
思春
潰す
バーガー
ペイント
外務
ゲーセン
敵対
胎児
福袋
レザー
可動
試料
公判
逝く
圧巻
牡丹
サンクス
乗務
反抗
顔色
採決
千歳
一報
殿堂
果汁
粉砕
踏む
堆肥
シーツ
ヘリコプター
専属
手口
試算
安置
ネイル
政界
テール
新婦
頭上
中高年
放火
彼岸
医薬
新郎
セラピー
降臨
ネガティブ
鼻水
空想
放浪
ヨット
大祭
ナトリウム
閉塞
所々
攻める
原始
ロータリー
雑学
楽団
シャー
コットン
任せる
マキ
前々
シンクロ
後部
受領
ヒルズ
結集
別物
動植物
内陸
カッター
ディーゼル
シマ
フルート
エレクトロニクス
ポーチ
終焉
漏洩
凄まじい
続行
耐える
ログアウト
台本
試す
処罰
熱気
あく
棚田
ヒール
死神
エコー
初恋
生前
致命
一読
談合
足音
風力
高砂
校内
根底
行き先
連行
サンドイッチ
実技
吟味
無名
一足
面会
一端
怪談
クレーン
微笑
絞る
還暦
エアー
時効
反乱
鍛える
セメント
重度
フィクション
専任
失格
出費
モノレール
毎晩
シード
有給
揃う
公明
アース
同然
レフ
寄り道
雨天
索引
ペースト
削る
大師
商用
基点
町立
読解
互換
アシスト
悪性
困惑
手芸
宝庫
史実
種族
議題
カイロ
事後
人力
見当
捕虜
貸与
卑怯
下水
本殿
下見
詩集
鳴く
鉄鋼
校正
節分
生誕
通告
ヤンキー
ボーダー
恋する
断定
通達
風習
提訴
ジャングル
運河
地検
潜入
基幹
筋力
トラップ
サム
銚子
モノクロ
防除
震える
歳出
白書
直射
パンフ
光線
骨董
断る
執事
獲物
打席
自生
確かめる
陥る
持ち物
水深
剣士
アウトレット
テクノ
満腹
個数
小路
下段
襲う
片岡
サード
語彙
統括
指向
防具
暗記
冬場
下品
簿記
酸性
冷え性
口頭
トリオ
破棄
ダル
人身
ダート
特攻
蔵元
外傷
車窓
ノック
傘下
仙人
帰化
生殖
最良
有罪
社交
変貌
ステロイド
トレッキング
先人
痩せる
ウィキ
台帳
特派
思案
下降
ひく
肺炎
心中
難関
休息
伝票
上段
先代
参謀
覆う
城主
本題
歌劇
亜鉛
テック
喋る
コイル
授乳
訪ねる
莫大
精子
失調
右腕
抑止
水木
座談
貸借
スクエア
カーソル
ハーモニー
光栄
トウ
固体
嘔吐
空腹
縦走
結核
ポジティブ
癒す
教徒
配属
エッジ
熱狂
交番
罰則
乗馬
主席
労力
プリンセス
劣る
整合
エリカ
前身
運航
代用
ピラミッド
赤旗
市町
オウム
アルファ
国営
スリップ
賭博
アトラクション
釣る
志願
鉄骨
累計
発進
要員
アーケード
ずる
減速
長者
暴言
海面
滑る
神父
悪徳
準拠
文体
匹敵
築く
巻く
イヌ
昇進
前髪
乳児
微細
切り口
曲名
迫り
マーチ
山村
飲み屋
多岐
近道
ウラン
カウントダウン
インターナショナル
毒性
シャフト
危惧
スピン
ロボ
茶道
オフィシャル
ローラー
難点
波長
無力
検事
ポンド
蒸留
叶う
辞職
堆積
激怒
商会
草木
銀色
首長
高卒
鮮魚
読み物
賢者
各駅
社説
ヒル
エルフ
変色
囲む
観劇
失望
レントゲン
歌唱
念頭
スチール
圧勝
着地
ヘルニア
崩れる
迷宮
絶叫
公告
産後
トピ
雨水
前夜
会報
官庁
来館
異国
カルテ
コーラ
ゾンビ
文科
健闘
分量
施主
格納
通気
邦楽
ペダル
慰霊
ハードウェア
要塞
醜い
概算
シグナル
おかし
アーク
自給
決め手
魅惑
サントラ
セレクション
武術
狂言
極意
温水
社外
次女
丸太
駅弁
剪定
各所
母体
シェル
稲葉
バッハ
造船
近日
サスペンス
悪人
ハードル
本国
寄せる
労災
自発
筆記
車輪
分娩
ペンダント
浴びる
朝方
病理
別れる
チェア
師範
経常
何時
激突
山車
所見
歳入
エクササイズ
発泡
気質
回帰
リーフ
問答
磁石
別冊
一途
記帳
巨匠
チック
至高
臨海
閣議
賛否
膨張
偵察
ハムスター
疾走
石碑
和尚
リコール
絶縁
聖堂
祈祷
爆破
参観
唱える
水銀
カンパニー
翻弄
衣料
抗生
総勢
激戦
汽車
最上
シチュー
趣向
親しい
大仏
ソフトクリーム
パケット
立花
ジャーナル
盗賊
転売
インスタント
座長
初頭
仏閣
便器
コンセント
老朽
競輪
核心
操る
脱退
抜本
私鉄
宗派
図形
演目
熟語
プロダクション
カジノ
プラットフォーム
帳簿
アイロン
オーガニック
中略
対外
降伏
海峡
アッ
師事
自粛
平穏
狩猟
遊具
寄る
極限
コネ
ツナ
道内
干物
合致
アルカリ
求職
プリンター
誘発
部類
水系
底辺
バード
バニラ
口内
泡盛
征服
ツキ
羽目
心底
寄生
対峙
闘病
物凄い
損保
水彩
登板
適性
腹痛
充填
伝染
ファミレス
まく
噛む
ソーラー
パラダイス
肥大
痛む
常勤
プレビュー
掴む
赤ん坊
山川
ゴースト
増額
蜂蜜
独断
黒木
赤松
今宵
呉服
地価
善意
マスコット
使徒
喚起
風潮
検知
ロフト
ミスター
落ち葉
操業
グリル
障子
前衛
チー
膀胱
王女
黒豆
片側
名山
番長
フリーズ
諮問
ロリ
日陰
名店
オブジェ
分身
火曜
言い分
輪郭
牧野
降下
混同
バラエティー
歳月
落葉
正論
トリートメント
重傷
男前
セクション
クローバー
県境
四球
派生
脱却
洋楽
撤廃
無形
黒色
断片
溶解
脳裏
中性
御前
勝敗
由緒
景勝
チェリー
休館
改める
還付
囃子
書簡
絶版
渡航
敬遠
ボブ
連峰
脊髄
催眠
スニーカー
羽毛
常務
潮流
左腕
転居
外伝
宣告
刑法
兵隊
同署
無印
家紋
レインボー
植樹
改悪
繋ぐ
スプリング
門前
前菜
伝送
人脈
祖先
原産
貫く
後々
チャイルド
試行
はかる
ストライク
タブー
尽きる
胸元
係員
同月
歓喜
多量
血統
耐熱
椎茸
車中
次ぐ
パジャマ
可視
除雪
地中
ロース
建国
構える
蔵書
飼う
完走
始発
置換
道理
砂利
補う
解読
減免
苦い
永住
逃避
親分
川原
音頭
スバル
使者
楽屋
バーゲン
随所
胡麻
条文
罵倒
混在
アスファルト
大福
ステレオ
ダンジョン
法事
桟橋
カボチャ
小柄
表題
脂質
川端
傲慢
クイーン
プリ
失踪
年長
ピー
スタメン
皇族
直営
セキュリティー
バイオリン
軍艦
修士
用心
敬老
ポピュラー
年表
小町
パット
陳情
隠蔽
サックス
育む
討伐
使い道
日食
平地
ハイビジョン
宮廷
学費
本島
月光
邸宅
不服
狭間
ピント
定量
リソース
銀杏
拍子
式場
千尋
慰謝
古都
全巻
献血
風車
スタイリスト
新宮
責務
量子
高揚
街路
怪人
号泣
キュー
旋律
植林
増幅
石段
皇子
山林
ノブ
方角
借地
アイアン
ココア
眼下
既出
曲がる
欠損
カーナビ
捧げる
謝る
満了
仕事場
産物
弊害
適量
上層
報復
フェスタ
室長
伯爵
セクター
ジョーク
本山
秘伝
絵師
行き来
副業
シオン
養育
香料
ディフェンス
新居
ボウル
極楽
悪役
薬草
プリンス
呼び名
異論
心霊
勃起
橋下
換金
伺う
クラッチ
無地
ズーム
包囲
溶液
足湯
クルー
変容
信条
前世
暗示
芳香
タスク
千秋
暴落
文脈
出陣
ラフ
マウント
コック
年頃
親王
自費
灯油
弾丸
ヒューマン
無邪気
居間
系譜
資する
道端
誤字
略称
器官
浮遊
歩む
トリップ
武者
掘削
ホワイトニング
師団
便乗
包む
海中
真冬
往来
左下
参列
諦める
共鳴
荒れる
応力
両足
笑い声
谷間
氷河
暴動
酒蔵
伏線
無念
山奥
メイ
分化
競う
抜け毛
ボーリング
中型
ベージュ
監禁
リュック
境地
板金
リトル
鎮座
半月
パーフェクト
共催
常設
横目
代物
区長
居宅
撤収
セラミック
啓蒙
一杯
ヒナ
騎乗
ケージ
透過
愛顧
養う
エクセル
開校
ヌード
変異
英和
敬語
イラストレーター
横丁
得する
回廊
君主
ネオ
設営
褐色
官公庁
タフ
文集
開演
信心
なまる
未明
自重
闘士
外れる
チェロ
占拠
梗塞
アツ
少子
結界
若松
仕上げる
奪取
紋章
埋葬
租税
ジョギング
一文
血行
起算
関税
竜馬
フィル
歳暮
湯船
異変
食道
時速
異物
終日
枝豆
海運
ミート
唾液
カートリッジ
霊場
保養
地産
コテージ
実費
重心
コミュ
耕作
ヤード
局所
民話
歩兵
壮絶
同感
後味
太刀
スナップ
陽性
真心
旅先
独創
即位
説く
クローン
腐食
ジャンク
新選
継ぐ
知覚
戦犯
実効
浄土
屏風
ヘクタール
会派
伸縮
背面
床下
発刊
嫌う
対局
入選
民生
担い手
人目
セント
イブ
食塩
未婚
黒糖
共著
崇拝
モス
ナイロン
秀逸
養生
届ける
当番
クラウン
欠如
バラード
名水
海兵
摘発
末端
ヘル
修業
反復
常用
色紙
電解
海藻
童謡
ブロッコリー
対価
衰弱
忠告
朝市
符号
射程
駆逐
宿場
同和
座標
諸々
プラ
オファー
ショートカット
主将
和子
文例
シック
本会
点字
再婚
折り紙
熱湯
用法
中高
派閥
ややこしい
義父
破る
大金
煽る
海浜
パトカー
ペニス
オカルト
かう
ロマンス
破滅
白紙
競艇
難病
スペシャリスト
酒類
望月
学内
御殿
県議
退社
瑠璃
尊厳
精米
フィードバック
大空
産科
ヒレ
過敏
鳴らす
盆栽
信徒
戯言
イノベーション
知見
感知
遺構
殴る
官邸
ミサ
屈辱
嫌気
願い事
輩出
ハングル
ラー油
卵巣
近接
撃退
楽勝
民放
教祖
所為
湿地
カム
ボクサー
迂回
垣間見
パレス
サーカス
トリプル
ジェイ
称する
和装
河童
文面
本位
争点
体外
勝者
孤児
仮設
周回
クック
件名
浸水
カリ
パーソナル
乞食
遊覧
父様
松竹
マナ
勃発
痕跡
優勢
ポリス
気功
捕手
古道
勲章
ナショナル
リアクション
病状
奏でる
シャンパン
社債
目先
準ずる
可否
国益
プッシュ
エレガント
漁協
病室
高裁
群生
需給
指圧
大概
増減
地主
愛読
親睦
毛皮
痴呆
ジョイント
刻印
パレット
流体
罪悪
勤める
愛国
薬用
雪山
撃沈
造園
寄稿
排卵
画素
セレモニー
移管
立証
ハロー
トイ
一変
乱入
即決
美化
角質
倒壊
人文
リーディング
キチン
長老
メモリアル
トス
後続
蒸発
添乗
コストパフォーマンス
周遊
投影
艦長
突出
一服
飽きる
発育
厳禁
発端
本丸
完熟
ビートルズ
借家
定住
ハプニング
ウイスキー
当主
エキスパート
全線
ブーケ
橋梁
穴場
サーフ
硬直
隠居
バスケットボール
試飲
脆弱
電柱
薬師
伝道
胡椒
当期
特大
人影
国歌
出社
露店
ポリエステル
明言
供する
散乱
校庭
養老
空軍
収束
ベラ
半袖
盗聴
争奪
界面
難解
葬祭
一新
付け根
国庫
アスベスト
抹消
サッシ
悪戯
教習
パルス
当人
飽和
アサヒ
札所
力量
先々
収まる
同胞
退去
来客
次長
祭神
自負
業態
直下
陳列
ルビー
王座
台頭
模試
スノーボード
渡来
ハウジング
拾う
病床
超人
惨敗
上告
試みる
モロ
風呂敷
途方
戦法
クロック
ジンギスカン
残存
恐慌
パイオニア
移入
冤罪
物色
スローガン
突起
ビキニ
共益
制圧
開戦
占有
ピストン
家出
選曲
破裂
一線
税収
扇子
白銀
支流
有事
喜劇
例える
来春
ピュア
修得
献上
デニム
ダーツ
特記
野中
調書
福利
解任
樹齢
佇む
助産
特訓
キャスティング
弾性
従軍
ミラクル
分断
某所
一段
観葉
金星
明神
割る
佃煮
祝祭日
極東
岩石
桑田
組曲
寒天
ビーフ
インフル
打球
鬼畜
ダイオキシン
総体
コンプライアンス
鈍い
香ばしい
噴水
真意
首輪
コースター
作風
品格
亡命
県政
通帳
叔母
スリッパ
適格
予知
リニア
姓名
裏話
両端
ソフトボール
閣下
竹林
隼人
招集
対向
ヘビー
重たい
車掌
マルチメディア
交易
土俵
白金
田畑
飛来
マンセー
本宮
着メロ
刺す
ワンマン
富裕
デイリー
城内
仕業
被る
フラン
フォルム
埋蔵
タイマー
容積
リピーター
濾過
航行
民芸
有能
躍進
放電
子宝
カープ
国保
転写
中高生
マント
反戦
鉄筋
エゴ
西方
小銭
アルミニウム
モザイク
土下座
堀川
リピート
旋回
ターボ
意地悪
降水
納車
激化
剥離
勝る
バスターミナル
必読
寄席
同調
沿革
オゾン
徘徊
ファミコン
電器
アール
胴体
心強い
脱衣
エアロ
名字
冷戦
金物
威嚇
短冊
合掌
脇役
閉会
サーモン
真偽
配給
一丸
鎮痛
台地
社宅
決行
病人
初旬
昼前
除草
場内
落とし穴
出向
シャン
八雲
作中
預言
上等
出稿
放牧
ファックス
同封
ブレスレット
気絶
結束
愛護
回生
初歩
ソックス
麻布
私服
開場
頷く
高専
悪用
勧める
本心
賞与
部数
支柱
シリアル
干支
ダイバー
フットサル
傭兵
薄暗い
西南
阿呆
ローション
晒す
両替
照合
鉄人
ファスナー
特捜
琥珀
待ち遠しい
震源
降格
隣人
コーチング
洋室
鳥肌
根気
迫害
忍耐
大門
究明
紙幣
入部
レクチャー
網膜
酪農
付随
好い
ヒアリング
横顔
火傷
告訴
春季
受益
メッセ
スカイライン
三宮
フェス
同好
レフト
バルーン
楕円
新装
残暑
ネクスト
マダム
裏表
トースト
ラテン
爆睡
ポップス
都城
肉食
セントラル
政務
ディープ
アスパラ
転向
山門
超越
アトム
木綿
アンチエイジング
掛け軸
プライム
本県
総統
貴社
撲滅
矢先
プロポーズ
リターン
溶岩
鼓動
切開
バーン
錯誤
中等
仮眠
消極
勿体
通商
目覚める
苦味
紙芝居
有り難い
帝王
スパイク
月経
電灯
封鎖
ウール
打開
レスポンス
奥義
キューブ
コマーシャル
タップ
語句
鍛冶
空洞
カップリング
脱税
抑圧
別紙
スー
現像
南蛮
満塁
セーフ
園長
クリスチャン
ホー
府警
五感
祭壇
荒い
オムライス
双葉
慈悲
発声
生死
交配
隆盛
スーパーマーケット
屈折
歌人
本陣
労使
トルク
カセット
バッティング
ファイター
朝顔
火薬
ヒーリング
和服
自前
病態
係長
極める
末日
蔓延
迎撃
小人
出所
ルックス
パブ
異端
約款
全校
実話
法師
集大成
至上
身元
媒介
連呼
括弧
防音
予習
偽善
控える
ホップ
むす
空席
支局
大粒
避妊
偽物
楽観
記法
絨毯
ゴリラ
侮辱
彗星
横手
人手
フォーカス
大関
微量
道標
効用
長袖
没頭
終身
特番
蝦夷
覆面
攻勢
会期
代償
先駆
滑稽
組長
アジアン
レーン
ナット
しめる
ファイナンス
ギタリスト
ハイライト
バイヤー
裁量
歯車
終末
封入
分厚い
在留
魔界
減価
雑穀
脱落
ノルマ
入館
夜叉
昇給
先手
討議
学位
プランニング
ジャイアンツ
発色
下宿
骨髄
エイト
抗争
ソル
議定
党員
文言
クローズアップ
プロフ
感銘
指南
巻末
舞踏
領主
特筆
フー
密集
有線
破片
波乱
書体
逆襲
サーブ
寺社
彷彿
仰る
朝夕
後任
平常
ハンガー
段落
マリー
微笑む
成年
明け方
バッチ
市況
菖蒲
モデム
干潟
下ろす
パル
触手
ワークス
押さえる
兵力
ウー
柳川
レコーダー
流量
デザイナーズ
比重
薄毛
国分
皮脂
白熱
タイアップ
主旨
要る
在職
ハザード
蘇生
アルト
固形
ウォッチ
処遇
搾取
摘出
駅員
軽視
シフォン
スキャンダル
死因
精液
開港
幾何
翡翠
前列
アリア
道筋
ライフル
糾弾
増築
行楽
脱走
ブランク
細長い
点滅
晴れる
愛らしい
親善
スライダー
他所
覚める
改憲
塩化
ゴルファー
たてる
突発
間伐
パラ
葉書
美学
慣習
花弁
切れ味
巡査
官能
クラッシュ
精通
植える
縫製
旅費
小指
下校
防寒
昼夜
伝言
代打
採掘
空海
カレッジ
蛇口
三男
アラート
良識
廃業
化け物
曲目
長尾
女史
煮る
対称
白衣
精油
食肉
ドリブル
並列
外為
編纂
申す
ブー
水害
緊迫
ジョブ
ヒアルロン
有形
王将
痙攣
競演
北海
癒着
オンエア
塩味
棄却
指紋
縦断
オーロラ
曇り空
測る
所存
音痴
変質
硫酸
描画
潜伏
ガル
神仏
託児
絶頂
出納
位相
持ち味
逸脱
病名
もてる
亀裂
黒板
テラ
エクステリア
黄昏
荒廃
届け先
結納
長屋
有望
連戦
チーフ
ぶつかる
ラマ
発令
ヘアスタイル
度胸
水域
幼女
書斎
足下
グル
苦難
竜王
調印
皇居
電報
激動
スジ
モニタリング
用例
デリケート
過大
和平
半身
炭鉱
アスリート
境遇
右肩
ミクロ
秘境
洗礼
水虫
急落
現世
ユニオン
揚げ物
製菓
遺物
エコロジー
エメラルド
築城
耳元
ベール
花言葉
北国
染まる
パフェ
夢見る
敷居
地表
太子
ソムリエ
生える
下りる
煩悩
淡水
首筋
シンガー
ニュータウン
博覧
切削
殺虫
男爵
ノンフィクション
市電
樹林
中将
一心
治験
先導
勘案
殿様
ボンド
リバー
ウェルネス
根幹
アバター
後述
木目
脱力
編著
ウレタン
添える
潤滑
浜辺
都民
ボラ
察知
病原
監理
投棄
フロンティア
農法
格言
番線
祖父母
未然
春先
突進
外道
シュー
要点
ざり
ワーキング
インターンシップ
勝率
葉月
巻頭
雑感
贔屓
寒気
祈念
過労
極度
賢明
合弁
教義
製本
エスカレーター
釈放
即効
愛しい
映える
恐れる
人道
増資
サバイバル
フェニックス
主食
欠く
布教
煙突
無茶苦茶
氾濫
ルナ
旧暦
禁断
荒野
遠山
ポン酢
悲観
本性
山椒
女流
生薬
随一
美食
アドベンチャー
キラー
蒸し暑い
憶測
電脳
読了
発病
近衛
彷徨
茶髪
ガーゼ
生計
止む
法学
トランプ
予期
ユウ
水気
医大
規律
収める
発狂
筒井
ネル
タイツ
将校
野原
西暦
ドライヤー
賛美
トリミング
至極
儲ける
下限
軟骨
エキサイト
重奏
遺品
ラケット
セーター
税関
配る
ワルツ
添削
復刊
太夫
参詣
硝子
留置
掛け声
スロ
寛容
哀愁
古着
ラバー
大卒
空き地
出家
一路
甲板
晴れ間
秋季
コスチューム
積む
部外
ベア
ゴー
走者
マグネシウム
享受
責める
コンシェルジュ
波紋
デッド
府立
波及
スパイラル
欠片
瑕疵
大蔵
春秋
逃れる
残虐
生還
湿疹
同国
密教
フィニッシュ
湧く
安静
名声
全曲
臨場
月見
祭祀
薄膜
長靴
模倣
むかつく
ボウリング
毛髪
清涼
プリウス
致死
邦画
厩舎
ロビン
壁画
漆黒
軍曹
薄型
遺骨
魚類
終電
亭主
沙汰
ディス
気品
水草
貸す
熱血
銅像
講堂
躍動
治水
大昔
退任
山上
送検
プランナー
発砲
下回る
浮かべる
高熱
画廊
明かす
眉毛
金城
拠出
常備
スワップ
内海
樹立
斡旋
迷路
サインイン
防護
インタレスト
退散
尋問
安物
離職
道楽
貝塚
三脚
前月
ホールディングス
忠誠
プロバイダー
出先
負け犬
日課
大吉
満面
被覆
焼き物
創始
即興
大丸
談義
見聞
少佐
コラ
弱体
木の実
島々
財界
中腹
凱旋
信憑
剰余
大樹
焼失
時差
本意
多角
遊び心
オルゴール
村民
願書
レイヤー
オルガン
射殺
団員
人出
邪悪
漁獲
寝坊
憧れる
鳥類
珍味
バッター
登頂
踊り子
来賓
遊び場
カンタービレ
四郎
ストローク
年始
ナウ
バリュー
部族
求む
白身
転校
風格
金賞
同い年
囲炉裏
真下
憂い
亡くなる
抱負
単調
感慨
口実
逸話
頒布
歯肉
年会
履く
石灰
点火
早苗
誤爆
迷走
御免
珊瑚
鋳造
ラット
ミキサー
リハ
名高い
カステラ
レーサー
台車
下野
最盛
雑音
原生
ナッツ
メッセンジャー
桃山
船員
模範
トレイン
ケタ
パンパン
波形
ゲノム
テク
月例
スロープ
範疇
太一
遠出
前歯
中退
相乗
耳鼻
朝晩
同心
節句
胸部
否認
シロップ
各人
既成
進呈
面子
美形
桜木
キッド
花道
正座
一掃
空欄
湯治
一門
ギャラ
女医
キロメートル
社殿
室温
三蔵
失恋
公用
ブロー
美貌
生花
リサイタル
イデオロギー
ロースト
重合
初演
絵の具
一節
両社
ダーリン
プロジェクター
ダミー
独学
脱水
如来
水沢
フィン
クーデター
童子
反逆
区立
リク
極秘
転入
小国
香る
オケ
訃報
母国
野山
城址
再販
リバウンド
万葉
ウイング
富豪
軽食
推察
施す
十字
キャッチャー
正門
書名
植生
運気
飛車
殺意
抹殺
海戦
手先
全土
流産
押印
チューナー
地層
夕刻
製鉄
漆器
連投
同氏
ベンツ
激痛
西京
エフェクト
大方
教皇
ノズル
眼前
バースデー
新鋭
演題
全編
兼用
天理
即売
磁場
戯曲
素肌
大黒
フランチャイズ
凹凸
背骨
部局
崩す
産品
コスモ
レッズ
卓上
悪臭
漂流
略奪
往生
下す
至近
休診
会食
タイガース
牽制
署長
欠落
直筆
同校
噴射
即死
床屋
延伸
口径
油脂
新旧
盆地
建具
傷口
山里
ロッジ
裏手
推計
人魚
憎悪
管弦楽
スクープ
偉人
農政
相殺
野良
本流
バックス
各位
等身
祝賀
飛散
固める
聖霊
下層
ジェル
病変
警部
対する
狩人
難聴
審理
温める
不眠
太平
隠れる
ランチタイム
トレー
延命
ストリーム
不味い
功労
語尾
校歌
素手
敗者
農耕
クリーナー
城南
平原
麺類
今春
新芽
初心
国税
市道
出港
士官
スリル
移送
ジャケ
密室
ポテンシャル
千鳥
訳者
梨花
定理
神官
松葉
険しい
大尉
ペンキ
断絶
消息
バレンタインデー
山羊
渾身
サイレン
快挙
側近
各部
エスニック
キーパー
手記
エンジニアリング
騎馬
友愛
誓う
嫌味
新報
陶磁器
潜む
アンド
デッサン
絵巻
同定
上戸
淘汰
版元
稲作
野草
異質
ゴンドラ
題目
ブラウス
上述
悪寒
尊い
追撃
桜花
動態
カノン
日没
四天王
検挙
ノード
オク
脱ぐ
食い物
包帯
没収
カリウム
例文
山寺
命題
元本
習う
助長
彩色
抵当
馬力
秒間
公司
本紙
金剛
染料
辛抱
窓際
ハワイアン
鼻血
温存
忘れ物
所以
気体
布告
執念
ロジック
正気
町中
交わす
ダスト
デマ
行者
第一線
翌月
恩師
自虐
怪奇
トレース
仏具
クランク
極まりない
深海
辿る
シューティング
特注
拍車
調製
同業
アミ
プロダクト
大砲
御用達
短所
プランター
浮く
弁済
流水
売国
グラタン
ソート
ミニチュア
木陰
結露
平年
差す
鍵盤
快勝
銃撃
寒冷
今夏
マッピング
居室
溶剤
親近
大敗
デュオ
強大
ルーク
聖母
フェルト
疑似
小便
チャック
石畳
無機
職歴
決闘
見苦しい
鉄分
色調
デル
キャリー
刻む
類型
ハンドブック
表層
儀礼
産出
球根
外周
パイナップル
白米
タテ
司祭
気密
随筆
キャノン
浪費
打破
家中
レクリエーション
オフセット
昇降
手羽
先方
伝記
教頭
セグメント
チワワ
拝観
譜面
ワープ
クローズ
潰れる
融通
入港
教え子
微分
離す
国務
鉄塔
口癖
コントローラー
修道
フェチ
狙撃
トランペット
医科
物置
同棲
内戦
敷設
試着
注釈
テル
素質
旧道
水車
自決
記す
越冬
退学
インターチェンジ
根強い
苗木
末尾
タイムス
残雪
災難
単元
バイブル
概略
断食
公言
プラネタリウム
新版
横領
砲撃
インターフェース
図式
小切手
城下
レスキュー
年俸
度数
ゼミナール
藩士
果肉
電信
ピクニック
オーソドックス
カイロプラクティック
聴衆
秘話
和英
受かる
ルック
ハッチ
チューニング
鉱石
祭礼
ワープロ
業法
堕落
通夜
長身
自伝
相反
カルビ
交錯
回顧
真弓
月夜
市外
一因
大海
権現
半生
棋士
収蔵
レスラー
仰天
湯気
黒毛
かわる
至急
累積
完封
暗黙
挟む
頼もしい
花畑
飛翔
新法
能率
同席
自炊
払拭
パソ
ハンディ
得票
後見
螺旋
刷新
供与
光源
細身
一揆
沿道
四角い
子役
死傷
サボテン
真っ青
備蓄
原酒
暑中
犯す
サラ金
有意
左岸
邦人
炒める
銀山
財閥
露呈
春風
鳥獣
奥深い
雪国
貧弱
図版
具現
マロン
撃墜
インディアン
神学
コレクター
フィッシング
父子
積算
利率
秋冬
連隊
朗報
微塵
密閉
県連
家主
高低
端数
読本
抜歯
出航
物性
降雨
党内
増量
近海
疾風
引き金
焦る
冷える
チームワーク
深まる
合奏
和光
一室
タルト
閃光
オペレーター
薬事
通所
流派
開局
コーポレーション
受精
率先
臆病
公道
次号
のぞく
マグネット